/*! For license information please see 50.4ec1397b.js.LICENSE.txt */
(self.webpackChunkrspress_doc_template=self.webpackChunkrspress_doc_template||[]).push([["50"],{780:function(e,n,s){"use strict";s.r(n),s.d(n,{default:function(){return d}});var r=s("85893"),t=s("47423");function o(e){let n=Object.assign({h1:"h1",a:"a",pre:"pre",code:"code"},(0,t.useMDXComponents)(),e.components);return(0,r.jsxs)(r.Fragment,{children:[(0,r.jsxs)(n.h1,{id:"inode-\u5360\u7528",children:["inode \u5360\u7528",(0,r.jsx)(n.a,{className:"header-anchor","aria-hidden":"true",href:"#inode-\u5360\u7528",children:"#"})]}),"\n",(0,r.jsx)(n.pre,{children:(0,r.jsx)(n.code,{children:"[root@node32 14:44:43 ~]$tune2fs -l /dev/md127\ntune2fs 1.42.9 (28-Dec-2013)\nFilesystem volume name:   <none>\nLast mounted on:          /\nFilesystem UUID:          c897d367-28cd-4415-a0cd-3cadba4a9e9a\nFilesystem magic number:  0xEF53\nFilesystem revision #:    1 (dynamic)\nFilesystem features:      has_journal ext_attr resize_inode dir_index filetype needs_recovery extent 64bit flex_bg sparse_super large_file huge_file uninit_bg dir_nlink extra_isize\nFilesystem flags:         signed_directory_hash \nDefault mount options:    user_xattr acl\nFilesystem state:         clean\nErrors behavior:          Continue\nFilesystem OS type:       Linux\nInode count:              5570560\nBlock count:              22265600\nReserved block count:     1113280\nFree blocks:              8848551\nFree inodes:              5308982\nFirst block:              0\nBlock size:               4096\nFragment size:            4096\nGroup descriptor size:    64\nReserved GDT blocks:      1024\nBlocks per group:         32768\nFragments per group:      32768\nInodes per group:         8192\nInode blocks per group:   512\nFlex block group size:    16\nFilesystem created:       Sun Apr  9 22:28:26 2023\nLast mount time:          Tue Sep 26 19:21:04 2023\nLast write time:          Tue
Sep 26 19:21:02 2023\nMount count:              9\nMaximum mount count:      -1\nLast checked:             Sun
Apr  9 22:28:26 2023\nCheck interval:           0 (<none>)\nLifetime writes:          13 TB\nReserved blocks uid:      0 (user root)\nReserved blocks gid:      0 (group root)\nFirst inode:              11\nInode size:               256\nRequired extra isize:     28\nDesired extra isize:      28\nJournal inode:            8\nFirst orphan inode:       393230\nDefault directory hash:   half_md4\nDirectory Hash Seed:      9c7937f9-1036-4f70-9584-ed3dd2867134\nJournal backup:           inode blocks\n\n[root@node32 14:44:55 ~]$df -h /dev/md127\nFilesystem      Size  Used Avail Use% Mounted on\n/dev/md127       84G   73G  6.8G  92% /\n\nReserved block count:     1113280\nBlock size:               4096\n256 * 5570560\n1113280 * 4k\n"})})]})}function i(){let e=arguments.length>0&&void 0!==arguments[0]?arguments[0]:{},{wrapper:n}=Object.assign({},(0,t.useMDXComponents)(),e.components);return n?(0,r.jsx)(n,{...e,children:(0,r.jsx)(o,{...e})}):o(e)}var d=i;i.__RSPRESS_PAGE_META={},i.__RSPRESS_PAGE_META["notes%2Fmisc%2Finode.md"]={toc:[],title:"inode \u5360\u7528",frontmatter:{}}}}]);